lcd16x2.c:79:17:uint32_t DWT_Delay_Init()	4	static,ignoring_inline_asm
lcd16x2.c:105:22:void DWT_Delay_us(uint32_t)	24	static
lcd16x2.c:115:13:void lcd16x2_enablePulse()	8	static
lcd16x2.c:126:13:void lcd16x2_rs(bool)	16	static
lcd16x2.c:134:13:void lcd16x2_write(uint8_t)	24	static
lcd16x2.c:171:13:void lcd16x2_writeCommand(uint8_t)	16	static
lcd16x2.c:180:13:void lcd16x2_writeData(uint8_t)	16	static
lcd16x2.c:189:13:void lcd16x2_write4(uint8_t)	16	static
lcd16x2.c:210:6:void lcd16x2_init_8bits(GPIO_TypeDef*, uint16_t, uint16_t, GPIO_TypeDef*, uint16_t, uint16_t, uint16_t, uint16_t, GPIO_TypeDef*, uint16_t, uint16_t, uint16_t, uint16_t)	24	static
lcd16x2.c:257:6:void lcd16x2_init_4bits(GPIO_TypeDef*, uint16_t, uint16_t, GPIO_TypeDef*, uint16_t, uint16_t, uint16_t, uint16_t)	24	static
lcd16x2.c:300:6:void lcd16x2_setCursor(uint8_t, uint8_t)	24	static
lcd16x2.c:318:6:void lcd16x2_1stLine()	8	static
lcd16x2.c:325:6:void lcd16x2_2ndLine()	8	static
lcd16x2.c:333:6:void lcd16x2_twoLines()	8	static
lcd16x2.c:338:6:void lcd16x2_oneLine()	8	static
lcd16x2.c:347:6:void lcd16x2_cursorShow(bool)	16	static
lcd16x2.c:364:6:void lcd16x2_clear()	8	static
lcd16x2.c:373:6:void lcd16x2_display(bool)	16	static
lcd16x2.c:390:6:void lcd16x2_shiftRight(uint8_t)	24	static
lcd16x2.c:401:6:void lcd16x2_shiftLeft(uint8_t)	24	static
lcd16x2.c:412:6:)	48	static
main.cpp:93:5:int main()	720	static
main.cpp:207:6:void SystemClock_Config()	88	static
main.cpp:253:13:void MX_ADC1_Init()	24	static
main.cpp:298:13:void MX_TIM1_Init()	96	static
main.cpp:378:13:void MX_TIM2_Init()	32	static
main.cpp:423:13:void MX_TIM3_Init()	32	static
main.cpp:468:13:void MX_TIM4_Init()	32	static
main.cpp:513:13:void MX_USART1_UART_Init()	8	static
main.cpp:546:13:void MX_GPIO_Init()	40	static
main.cpp:605:6:void HAL_TIM_PeriodElapsedCallback(TIM_HandleTypeDef*)	16	static
main.cpp:620:6:void sendData(HeightSensor)	128	static
main.cpp:630:6:void setInitialValveOpening()	8	static
main.cpp:646:6:void Error_Handler()	4	static,ignoring_inline_asm
main.cpp:655:1:void __static_initialization_and_destruction_0(int, int)	16	static
main.cpp:655:1:cpp)	8	static
main.cpp:655:1:cpp)	8	static
