00:54:52 **** Incremental Build of configuration Debug for project tank_level_control ****
make -j12 all 
arm-none-eabi-gcc "../Drivers/STM32F1xx_HAL_Driver/Src/stm32f1xx_hal.c" -mcpu=cortex-m3 -std=gnu11 -g3 -DDEBUG -DUSE_HAL_DRIVER -DSTM32F103xB -c -I../Core/Inc -I../Drivers/STM32F1xx_HAL_Driver/Inc -I../Drivers/STM32F1xx_HAL_Driver/Inc/Legacy -I../Drivers/CMSIS/Device/ST/STM32F1xx/Include -I../Drivers/CMSIS/Include -O0 -ffunction-sections -fdata-sections -Wall -fstack-usage -MMD -MP -MF"Drivers/STM32F1xx_HAL_Driver/Src/stm32f1xx_hal.d" -MT"Drivers/STM32F1xx_HAL_Driver/Src/stm32f1xx_hal.o" --specs=nano.specs -mfloat-abi=soft -mthumb -o "Drivers/STM32F1xx_HAL_Driver/Src/stm32f1xx_hal.o"
arm-none-eabi-gcc "../Drivers/STM32F1xx_HAL_Driver/Src/stm32f1xx_hal_adc.c" -mcpu=cortex-m3 -std=gnu11 -g3 -DDEBUG -DUSE_HAL_DRIVER -DSTM32F103xB -c -I../Core/Inc -I../Drivers/STM32F1xx_HAL_Driver/Inc -I../Drivers/STM32F1xx_HAL_Driver/Inc/Legacy -I../Drivers/CMSIS/Device/ST/STM32F1xx/Include -I../Drivers/CMSIS/Include -O0 -ffunction-sections -fdata-sections -Wall -fstack-usage -MMD -MP -MF"Drivers/STM32F1xx_HAL_Driver/Src/stm32f1xx_hal_adc.d" -MT"Drivers/STM32F1xx_HAL_Driver/Src/stm32f1xx_hal_adc.o" --specs=nano.specs -mfloat-abi=soft -mthumb -o "Drivers/STM32F1xx_HAL_Driver/Src/stm32f1xx_hal_adc.o"
arm-none-eabi-gcc "../Drivers/STM32F1xx_HAL_Driver/Src/stm32f1xx_hal_adc_ex.c" -mcpu=cortex-m3 -std=gnu11 -g3 -DDEBUG -DUSE_HAL_DRIVER -DSTM32F103xB -c -I../Core/Inc -I../Drivers/STM32F1xx_HAL_Driver/Inc -I../Drivers/STM32F1xx_HAL_Driver/Inc/Legacy -I../Drivers/CMSIS/Device/ST/STM32F1xx/Include -I../Drivers/CMSIS/Include -O0 -ffunction-sections -fdata-sections -Wall -fstack-usage -MMD -MP -MF"Drivers/STM32F1xx_HAL_Driver/Src/stm32f1xx_hal_adc_ex.d" -MT"Drivers/STM32F1xx_HAL_Driver/Src/stm32f1xx_hal_adc_ex.o" --specs=nano.specs -mfloat-abi=soft -mthumb -o "Drivers/STM32F1xx_HAL_Driver/Src/stm32f1xx_hal_adc_ex.o"
arm-none-eabi-gcc "../Drivers/STM32F1xx_HAL_Driver/Src/stm32f1xx_hal_cortex.c" -mcpu=cortex-m3 -std=gnu11 -g3 -DDEBUG -DUSE_HAL_DRIVER -DSTM32F103xB -c -I../Core/Inc -I../Drivers/STM32F1xx_HAL_Driver/Inc -I../Drivers/STM32F1xx_HAL_Driver/Inc/Legacy -I../Drivers/CMSIS/Device/ST/STM32F1xx/Include -I../Drivers/CMSIS/Include -O0 -ffunction-sections -fdata-sections -Wall -fstack-usage -MMD -MP -MF"Drivers/STM32F1xx_HAL_Driver/Src/stm32f1xx_hal_cortex.d" -MT"Drivers/STM32F1xx_HAL_Driver/Src/stm32f1xx_hal_cortex.o" --specs=nano.specs -mfloat-abi=soft -mthumb -o "Drivers/STM32F1xx_HAL_Driver/Src/stm32f1xx_hal_cortex.o"
arm-none-eabi-gcc "../Drivers/STM32F1xx_HAL_Driver/Src/stm32f1xx_hal_dma.c" -mcpu=cortex-m3 -std=gnu11 -g3 -DDEBUG -DUSE_HAL_DRIVER -DSTM32F103xB -c -I../Core/Inc -I../Drivers/STM32F1xx_HAL_Driver/Inc -I../Drivers/STM32F1xx_HAL_Driver/Inc/Legacy -I../Drivers/CMSIS/Device/ST/STM32F1xx/Include -I../Drivers/CMSIS/Include -O0 -ffunction-sections -fdata-sections -Wall -fstack-usage -MMD -MP -MF"Drivers/STM32F1xx_HAL_Driver/Src/stm32f1xx_hal_dma.d" -MT"Drivers/STM32F1xx_HAL_Driver/Src/stm32f1xx_hal_dma.o" --specs=nano.specs -mfloat-abi=soft -mthumb -o "Drivers/STM32F1xx_HAL_Driver/Src/stm32f1xx_hal_dma.o"
arm-none-eabi-gcc "../Drivers/STM32F1xx_HAL_Driver/Src/stm32f1xx_hal_exti.c" -mcpu=cortex-m3 -std=gnu11 -g3 -DDEBUG -DUSE_HAL_DRIVER -DSTM32F103xB -c -I../Core/Inc -I../Drivers/STM32F1xx_HAL_Driver/Inc -I../Drivers/STM32F1xx_HAL_Driver/Inc/Legacy -I../Drivers/CMSIS/Device/ST/STM32F1xx/Include -I../Drivers/CMSIS/Include -O0 -ffunction-sections -fdata-sections -Wall -fstack-usage -MMD -MP -MF"Drivers/STM32F1xx_HAL_Driver/Src/stm32f1xx_hal_exti.d" -MT"Drivers/STM32F1xx_HAL_Driver/Src/stm32f1xx_hal_exti.o" --specs=nano.specs -mfloat-abi=soft -mthumb -o "Drivers/STM32F1xx_HAL_Driver/Src/stm32f1xx_hal_exti.o"
arm-none-eabi-gcc "../Drivers/STM32F1xx_HAL_Driver/Src/stm32f1xx_hal_flash.c" -mcpu=cortex-m3 -std=gnu11 -g3 -DDEBUG -DUSE_HAL_DRIVER -DSTM32F103xB -c -I../Core/Inc -I../Drivers/STM32F1xx_HAL_Driver/Inc -I../Drivers/STM32F1xx_HAL_Driver/Inc/Legacy -I../Drivers/CMSIS/Device/ST/STM32F1xx/Include -I../Drivers/CMSIS/Include -O0 -ffunction-sections -fdata-sections -Wall -fstack-usage -MMD -MP -MF"Drivers/STM32F1xx_HAL_Driver/Src/stm32f1xx_hal_flash.d" -MT"Drivers/STM32F1xx_HAL_Driver/Src/stm32f1xx_hal_flash.o" --specs=nano.specs -mfloat-abi=soft -mthumb -o "Drivers/STM32F1xx_HAL_Driver/Src/stm32f1xx_hal_flash.o"
arm-none-eabi-gcc "../Drivers/STM32F1xx_HAL_Driver/Src/stm32f1xx_hal_flash_ex.c" -mcpu=cortex-m3 -std=gnu11 -g3 -DDEBUG -DUSE_HAL_DRIVER -DSTM32F103xB -c -I../Core/Inc -I../Drivers/STM32F1xx_HAL_Driver/Inc -I../Drivers/STM32F1xx_HAL_Driver/Inc/Legacy -I../Drivers/CMSIS/Device/ST/STM32F1xx/Include -I../Drivers/CMSIS/Include -O0 -ffunction-sections -fdata-sections -Wall -fstack-usage -MMD -MP -MF"Drivers/STM32F1xx_HAL_Driver/Src/stm32f1xx_hal_flash_ex.d" -MT"Drivers/STM32F1xx_HAL_Driver/Src/stm32f1xx_hal_flash_ex.o" --specs=nano.specs -mfloat-abi=soft -mthumb -o "Drivers/STM32F1xx_HAL_Driver/Src/stm32f1xx_hal_flash_ex.o"
arm-none-eabi-gcc "../Drivers/STM32F1xx_HAL_Driver/Src/stm32f1xx_hal_gpio.c" -mcpu=cortex-m3 -std=gnu11 -g3 -DDEBUG -DUSE_HAL_DRIVER -DSTM32F103xB -c -I../Core/Inc -I../Drivers/STM32F1xx_HAL_Driver/Inc -I../Drivers/STM32F1xx_HAL_Driver/Inc/Legacy -I../Drivers/CMSIS/Device/ST/STM32F1xx/Include -I../Drivers/CMSIS/Include -O0 -ffunction-sections -fdata-sections -Wall -fstack-usage -MMD -MP -MF"Drivers/STM32F1xx_HAL_Driver/Src/stm32f1xx_hal_gpio.d" -MT"Drivers/STM32F1xx_HAL_Driver/Src/stm32f1xx_hal_gpio.o" --specs=nano.specs -mfloat-abi=soft -mthumb -o "Drivers/STM32F1xx_HAL_Driver/Src/stm32f1xx_hal_gpio.o"
arm-none-eabi-gcc "../Drivers/STM32F1xx_HAL_Driver/Src/stm32f1xx_hal_gpio_ex.c" -mcpu=cortex-m3 -std=gnu11 -g3 -DDEBUG -DUSE_HAL_DRIVER -DSTM32F103xB -c -I../Core/Inc -I../Drivers/STM32F1xx_HAL_Driver/Inc -I../Drivers/STM32F1xx_HAL_Driver/Inc/Legacy -I../Drivers/CMSIS/Device/ST/STM32F1xx/Include -I../Drivers/CMSIS/Include -O0 -ffunction-sections -fdata-sections -Wall -fstack-usage -MMD -MP -MF"Drivers/STM32F1xx_HAL_Driver/Src/stm32f1xx_hal_gpio_ex.d" -MT"Drivers/STM32F1xx_HAL_Driver/Src/stm32f1xx_hal_gpio_ex.o" --specs=nano.specs -mfloat-abi=soft -mthumb -o "Drivers/STM32F1xx_HAL_Driver/Src/stm32f1xx_hal_gpio_ex.o"
arm-none-eabi-gcc "../Drivers/STM32F1xx_HAL_Driver/Src/stm32f1xx_hal_pwr.c" -mcpu=cortex-m3 -std=gnu11 -g3 -DDEBUG -DUSE_HAL_DRIVER -DSTM32F103xB -c -I../Core/Inc -I../Drivers/STM32F1xx_HAL_Driver/Inc -I../Drivers/STM32F1xx_HAL_Driver/Inc/Legacy -I../Drivers/CMSIS/Device/ST/STM32F1xx/Include -I../Drivers/CMSIS/Include -O0 -ffunction-sections -fdata-sections -Wall -fstack-usage -MMD -MP -MF"Drivers/STM32F1xx_HAL_Driver/Src/stm32f1xx_hal_pwr.d" -MT"Drivers/STM32F1xx_HAL_Driver/Src/stm32f1xx_hal_pwr.o" --specs=nano.specs -mfloat-abi=soft -mthumb -o "Drivers/STM32F1xx_HAL_Driver/Src/stm32f1xx_hal_pwr.o"
arm-none-eabi-gcc "../Drivers/STM32F1xx_HAL_Driver/Src/stm32f1xx_hal_rcc.c" -mcpu=cortex-m3 -std=gnu11 -g3 -DDEBUG -DUSE_HAL_DRIVER -DSTM32F103xB -c -I../Core/Inc -I../Drivers/STM32F1xx_HAL_Driver/Inc -I../Drivers/STM32F1xx_HAL_Driver/Inc/Legacy -I../Drivers/CMSIS/Device/ST/STM32F1xx/Include -I../Drivers/CMSIS/Include -O0 -ffunction-sections -fdata-sections -Wall -fstack-usage -MMD -MP -MF"Drivers/STM32F1xx_HAL_Driver/Src/stm32f1xx_hal_rcc.d" -MT"Drivers/STM32F1xx_HAL_Driver/Src/stm32f1xx_hal_rcc.o" --specs=nano.specs -mfloat-abi=soft -mthumb -o "Drivers/STM32F1xx_HAL_Driver/Src/stm32f1xx_hal_rcc.o"
arm-none-eabi-gcc "../Drivers/STM32F1xx_HAL_Driver/Src/stm32f1xx_hal_rcc_ex.c" -mcpu=cortex-m3 -std=gnu11 -g3 -DDEBUG -DUSE_HAL_DRIVER -DSTM32F103xB -c -I../Core/Inc -I../Drivers/STM32F1xx_HAL_Driver/Inc -I../Drivers/STM32F1xx_HAL_Driver/Inc/Legacy -I../Drivers/CMSIS/Device/ST/STM32F1xx/Include -I../Drivers/CMSIS/Include -O0 -ffunction-sections -fdata-sections -Wall -fstack-usage -MMD -MP -MF"Drivers/STM32F1xx_HAL_Driver/Src/stm32f1xx_hal_rcc_ex.d" -MT"Drivers/STM32F1xx_HAL_Driver/Src/stm32f1xx_hal_rcc_ex.o" --specs=nano.specs -mfloat-abi=soft -mthumb -o "Drivers/STM32F1xx_HAL_Driver/Src/stm32f1xx_hal_rcc_ex.o"
arm-none-eabi-gcc "../Drivers/STM32F1xx_HAL_Driver/Src/stm32f1xx_hal_tim.c" -mcpu=cortex-m3 -std=gnu11 -g3 -DDEBUG -DUSE_HAL_DRIVER -DSTM32F103xB -c -I../Core/Inc -I../Drivers/STM32F1xx_HAL_Driver/Inc -I../Drivers/STM32F1xx_HAL_Driver/Inc/Legacy -I../Drivers/CMSIS/Device/ST/STM32F1xx/Include -I../Drivers/CMSIS/Include -O0 -ffunction-sections -fdata-sections -Wall -fstack-usage -MMD -MP -MF"Drivers/STM32F1xx_HAL_Driver/Src/stm32f1xx_hal_tim.d" -MT"Drivers/STM32F1xx_HAL_Driver/Src/stm32f1xx_hal_tim.o" --specs=nano.specs -mfloat-abi=soft -mthumb -o "Drivers/STM32F1xx_HAL_Driver/Src/stm32f1xx_hal_tim.o"
arm-none-eabi-gcc "../Drivers/STM32F1xx_HAL_Driver/Src/stm32f1xx_hal_tim_ex.c" -mcpu=cortex-m3 -std=gnu11 -g3 -DDEBUG -DUSE_HAL_DRIVER -DSTM32F103xB -c -I../Core/Inc -I../Drivers/STM32F1xx_HAL_Driver/Inc -I../Drivers/STM32F1xx_HAL_Driver/Inc/Legacy -I../Drivers/CMSIS/Device/ST/STM32F1xx/Include -I../Drivers/CMSIS/Include -O0 -ffunction-sections -fdata-sections -Wall -fstack-usage -MMD -MP -MF"Drivers/STM32F1xx_HAL_Driver/Src/stm32f1xx_hal_tim_ex.d" -MT"Drivers/STM32F1xx_HAL_Driver/Src/stm32f1xx_hal_tim_ex.o" --specs=nano.specs -mfloat-abi=soft -mthumb -o "Drivers/STM32F1xx_HAL_Driver/Src/stm32f1xx_hal_tim_ex.o"
arm-none-eabi-gcc "../Drivers/STM32F1xx_HAL_Driver/Src/stm32f1xx_hal_uart.c" -mcpu=cortex-m3 -std=gnu11 -g3 -DDEBUG -DUSE_HAL_DRIVER -DSTM32F103xB -c -I../Core/Inc -I../Drivers/STM32F1xx_HAL_Driver/Inc -I../Drivers/STM32F1xx_HAL_Driver/Inc/Legacy -I../Drivers/CMSIS/Device/ST/STM32F1xx/Include -I../Drivers/CMSIS/Include -O0 -ffunction-sections -fdata-sections -Wall -fstack-usage -MMD -MP -MF"Drivers/STM32F1xx_HAL_Driver/Src/stm32f1xx_hal_uart.d" -MT"Drivers/STM32F1xx_HAL_Driver/Src/stm32f1xx_hal_uart.o" --specs=nano.specs -mfloat-abi=soft -mthumb -o "Drivers/STM32F1xx_HAL_Driver/Src/stm32f1xx_hal_uart.o"
arm-none-eabi-gcc -mcpu=cortex-m3 -g3 -DDEBUG -c -x assembler-with-cpp -MMD -MP -MF"Core/Startup/startup_stm32f103c8tx.d" -MT"Core/Startup/startup_stm32f103c8tx.o" --specs=nano.specs -mfloat-abi=soft -mthumb -o "Core/Startup/startup_stm32f103c8tx.o" "../Core/Startup/startup_stm32f103c8tx.s"
arm-none-eabi-g++ "../Core/Src/pid_controller/PIDController.cpp" -mcpu=cortex-m3 -std=gnu++14 -g3 -DDEBUG -DUSE_HAL_DRIVER -DSTM32F103xB -c -I../Core/Inc -I../Drivers/STM32F1xx_HAL_Driver/Inc -I../Drivers/STM32F1xx_HAL_Driver/Inc/Legacy -I../Drivers/CMSIS/Device/ST/STM32F1xx/Include -I../Drivers/CMSIS/Include -O0 -ffunction-sections -fdata-sections -fno-exceptions -fno-rtti -fno-use-cxa-atexit -Wall -fstack-usage -MMD -MP -MF"Core/Src/pid_controller/PIDController.d" -MT"Core/Src/pid_controller/PIDController.o" --specs=nano.specs -mfloat-abi=soft -mthumb -o "Core/Src/pid_controller/PIDController.o"
arm-none-eabi-g++ "../Core/Src/height_sensor/HeightSensor.cpp" -mcpu=cortex-m3 -std=gnu++14 -g3 -DDEBUG -DUSE_HAL_DRIVER -DSTM32F103xB -c -I../Core/Inc -I../Drivers/STM32F1xx_HAL_Driver/Inc -I../Drivers/STM32F1xx_HAL_Driver/Inc/Legacy -I../Drivers/CMSIS/Device/ST/STM32F1xx/Include -I../Drivers/CMSIS/Include -O0 -ffunction-sections -fdata-sections -fno-exceptions -fno-rtti -fno-use-cxa-atexit -Wall -fstack-usage -MMD -MP -MF"Core/Src/height_sensor/HeightSensor.d" -MT"Core/Src/height_sensor/HeightSensor.o" --specs=nano.specs -mfloat-abi=soft -mthumb -o "Core/Src/height_sensor/HeightSensor.o"
arm-none-eabi-gcc "../Core/Src/lcd16x2.c" -mcpu=cortex-m3 -std=gnu11 -g3 -DDEBUG -DUSE_HAL_DRIVER -DSTM32F103xB -c -I../Core/Inc -I../Drivers/STM32F1xx_HAL_Driver/Inc -I../Drivers/STM32F1xx_HAL_Driver/Inc/Legacy -I../Drivers/CMSIS/Device/ST/STM32F1xx/Include -I../Drivers/CMSIS/Include -O0 -ffunction-sections -fdata-sections -Wall -fstack-usage -MMD -MP -MF"Core/Src/lcd16x2.d" -MT"Core/Src/lcd16x2.o" --specs=nano.specs -mfloat-abi=soft -mthumb -o "Core/Src/lcd16x2.o"
arm-none-eabi-g++ "../Core/Src/main.cpp" -mcpu=cortex-m3 -std=gnu++14 -g3 -DDEBUG -DUSE_HAL_DRIVER -DSTM32F103xB -c -I../Core/Inc -I../Drivers/STM32F1xx_HAL_Driver/Inc -I../Drivers/STM32F1xx_HAL_Driver/Inc/Legacy -I../Drivers/CMSIS/Device/ST/STM32F1xx/Include -I../Drivers/CMSIS/Include -O0 -ffunction-sections -fdata-sections -fno-exceptions -fno-rtti -fno-use-cxa-atexit -Wall -fstack-usage -MMD -MP -MF"Core/Src/main.d" -MT"Core/Src/main.o" --specs=nano.specs -mfloat-abi=soft -mthumb -o "Core/Src/main.o"
../Core/Src/pid_controller/PIDController.cpp: In member function 'float PIDController::processPID(float)':
../Core/Src/pid_controller/PIDController.cpp:78:55: warning: statement has no effect [-Wunused-value]
arm-none-eabi-gcc "../Core/Src/stm32f1xx_hal_msp.c" -mcpu=cortex-m3 -std=gnu11 -g3 -DDEBUG -DUSE_HAL_DRIVER -DSTM32F103xB -c -I../Core/Inc -I../Drivers/STM32F1xx_HAL_Driver/Inc -I../Drivers/STM32F1xx_HAL_Driver/Inc/Legacy -I../Drivers/CMSIS/Device/ST/STM32F1xx/Include -I../Drivers/CMSIS/Include -O0 -ffunction-sections -fdata-sections -Wall -fstack-usage -MMD -MP -MF"Core/Src/stm32f1xx_hal_msp.d" -MT"Core/Src/stm32f1xx_hal_msp.o" --specs=nano.specs -mfloat-abi=soft -mthumb -o "Core/Src/stm32f1xx_hal_msp.o"
   78 |                      + this->_kd * this->_delta_error / this->_delta_time;
      |                      ~~~~~~~~~~~~~~~~~~~~~~~~~~~~~~~~~^~~~~~~~~~~~~~~~~~~
arm-none-eabi-gcc "../Core/Src/stm32f1xx_it.c" -mcpu=cortex-m3 -std=gnu11 -g3 -DDEBUG -DUSE_HAL_DRIVER -DSTM32F103xB -c -I../Core/Inc -I../Drivers/STM32F1xx_HAL_Driver/Inc -I../Drivers/STM32F1xx_HAL_Driver/Inc/Legacy -I../Drivers/CMSIS/Device/ST/STM32F1xx/Include -I../Drivers/CMSIS/Include -O0 -ffunction-sections -fdata-sections -Wall -fstack-usage -MMD -MP -MF"Core/Src/stm32f1xx_it.d" -MT"Core/Src/stm32f1xx_it.o" --specs=nano.specs -mfloat-abi=soft -mthumb -o "Core/Src/stm32f1xx_it.o"
arm-none-eabi-gcc "../Core/Src/syscalls.c" -mcpu=cortex-m3 -std=gnu11 -g3 -DDEBUG -DUSE_HAL_DRIVER -DSTM32F103xB -c -I../Core/Inc -I../Drivers/STM32F1xx_HAL_Driver/Inc -I../Drivers/STM32F1xx_HAL_Driver/Inc/Legacy -I../Drivers/CMSIS/Device/ST/STM32F1xx/Include -I../Drivers/CMSIS/Include -O0 -ffunction-sections -fdata-sections -Wall -fstack-usage -MMD -MP -MF"Core/Src/syscalls.d" -MT"Core/Src/syscalls.o" --specs=nano.specs -mfloat-abi=soft -mthumb -o "Core/Src/syscalls.o"
arm-none-eabi-gcc "../Core/Src/sysmem.c" -mcpu=cortex-m3 -std=gnu11 -g3 -DDEBUG -DUSE_HAL_DRIVER -DSTM32F103xB -c -I../Core/Inc -I../Drivers/STM32F1xx_HAL_Driver/Inc -I../Drivers/STM32F1xx_HAL_Driver/Inc/Legacy -I../Drivers/CMSIS/Device/ST/STM32F1xx/Include -I../Drivers/CMSIS/Include -O0 -ffunction-sections -fdata-sections -Wall -fstack-usage -MMD -MP -MF"Core/Src/sysmem.d" -MT"Core/Src/sysmem.o" --specs=nano.specs -mfloat-abi=soft -mthumb -o "Core/Src/sysmem.o"
arm-none-eabi-gcc "../Core/Src/system_stm32f1xx.c" -mcpu=cortex-m3 -std=gnu11 -g3 -DDEBUG -DUSE_HAL_DRIVER -DSTM32F103xB -c -I../Core/Inc -I../Drivers/STM32F1xx_HAL_Driver/Inc -I../Drivers/STM32F1xx_HAL_Driver/Inc/Legacy -I../Drivers/CMSIS/Device/ST/STM32F1xx/Include -I../Drivers/CMSIS/Include -O0 -ffunction-sections -fdata-sections -Wall -fstack-usage -MMD -MP -MF"Core/Src/system_stm32f1xx.d" -MT"Core/Src/system_stm32f1xx.o" --specs=nano.specs -mfloat-abi=soft -mthumb -o "Core/Src/system_stm32f1xx.o"
../Core/Src/main.cpp: In function 'void sendData(HeightSensor)':
../Core/Src/main.cpp:641:20: warning: format '%d' expects argument of type 'int', but argument 3 has type 'uint32_t' {aka 'long unsigned int'} [-Wformat=]
  641 |  sprintf(buffer, "%d,%.2f,%.2f,%.2f,%.2f,%.2f\n",
      |                   ~^
      |                    |
      |                    int
      |                   %ld
  642 |      HAL_GetTick() - startMillis, usensor.getDistRaw(),
      |      ~~~~~~~~~~~~~~~~~~~~~~~~~~~
      |                    |
      |                    uint32_t {aka long unsigned int}
In file included from ../Core/Src/height_sensor/HeightSensor.h:12,
                 from ../Core/Src/main.cpp:26:
../Core/Inc/fir_coeffs.h: At global scope:
../Core/Inc/fir_coeffs.h:3:14: warning: 'FIR_COEFFS' defined but not used [-Wunused-variable]
    3 | static float FIR_COEFFS[FILTER_NUM_COEFFS] = {
      |              ^~~~~~~~~~
arm-none-eabi-g++ -o "tank_level_control.elf" @"objects.list"   -mcpu=cortex-m3 -T"/home/senai/conical_tank_level_controller/tank_level_control/STM32F103C8TX_FLASH.ld" --specs=nosys.specs -Wl,-Map="tank_level_control.map" -Wl,--gc-sections -static -u _printf_float --specs=nano.specs -mfloat-abi=soft -mthumb -Wl,--start-group -lc -lm -lstdc++ -lsupc++ -Wl,--end-group
Finished building target: tank_level_control.elf
 
arm-none-eabi-size   tank_level_control.elf 
arm-none-eabi-objdump -h -S  tank_level_control.elf  > "tank_level_control.list"
arm-none-eabi-objcopy  -O binary  tank_level_control.elf  "tank_level_control.bin"
   text	   data	    bss	    dec	    hex	filename
  36440	    748	   2116	  39304	   9988	tank_level_control.elf
Finished building: default.size.stdout
 
Finished building: tank_level_control.bin
 
Finished building: tank_level_control.list
 
00:54:59 **** Incremental Build of configuration Debug for project tank_level_control ****
make -j12 all 
arm-none-eabi-size   tank_level_control.elf 
   text	   data	    bss	    dec	    hex	filename
  36440	    748	   2116	  39304	   9988	tank_level_control.elf
Finished building: default.size.stdout
 
00:55:54 **** Incremental Build of configuration Debug for project tank_level_control ****
make -j12 all 
arm-none-eabi-size   tank_level_control.elf 
   text	   data	    bss	    dec	    hex	filename
  36440	    748	   2116	  39304	   9988	tank_level_control.elf
Finished building: default.size.stdout
 
01:25:55 **** Incremental Build of configuration Debug for project tank_level_control ****
make -j12 all 
arm-none-eabi-g++ "../Core/Src/main.cpp" -mcpu=cortex-m3 -std=gnu++14 -g3 -DDEBUG -DUSE_HAL_DRIVER -DSTM32F103xB -c -I../Core/Inc -I../Drivers/STM32F1xx_HAL_Driver/Inc -I../Drivers/STM32F1xx_HAL_Driver/Inc/Legacy -I../Drivers/CMSIS/Device/ST/STM32F1xx/Include -I../Drivers/CMSIS/Include -O0 -ffunction-sections -fdata-sections -fno-exceptions -fno-rtti -fno-use-cxa-atexit -Wall -fstack-usage -MMD -MP -MF"Core/Src/main.d" -MT"Core/Src/main.o" --specs=nano.specs -mfloat-abi=soft -mthumb -o "Core/Src/main.o"
../Core/Src/main.cpp: In function 'void sendData(HeightSensor)':
../Core/Src/main.cpp:641:20: warning: format '%d' expects argument of type 'int', but argument 3 has type 'uint32_t' {aka 'long unsigned int'} [-Wformat=]
  641 |  sprintf(buffer, "%d,%.2f,%.2f,%.2f,%.2f,%.2f\n",
      |                   ~^
      |                    |
      |                    int
      |                   %ld
  642 |      HAL_GetTick() - startMillis, usensor.getDistRaw(),
      |      ~~~~~~~~~~~~~~~~~~~~~~~~~~~
      |                    |
      |                    uint32_t {aka long unsigned int}
In file included from ../Core/Src/height_sensor/HeightSensor.h:12,
                 from ../Core/Src/main.cpp:26:
../Core/Inc/fir_coeffs.h: At global scope:
../Core/Inc/fir_coeffs.h:3:14: warning: 'FIR_COEFFS' defined but not used [-Wunused-variable]
    3 | static float FIR_COEFFS[FILTER_NUM_COEFFS] = {
      |              ^~~~~~~~~~
arm-none-eabi-g++ -o "tank_level_control.elf" @"objects.list"   -mcpu=cortex-m3 -T"/home/senai/conical_tank_level_controller/tank_level_control/STM32F103C8TX_FLASH.ld" --specs=nosys.specs -Wl,-Map="tank_level_control.map" -Wl,--gc-sections -static -u _printf_float --specs=nano.specs -mfloat-abi=soft -mthumb -Wl,--start-group -lc -lm -lstdc++ -lsupc++ -Wl,--end-group
Finished building target: tank_level_control.elf
 
arm-none-eabi-size   tank_level_control.elf 
arm-none-eabi-objdump -h -S  tank_level_control.elf  > "tank_level_control.list"
arm-none-eabi-objcopy  -O binary  tank_level_control.elf  "tank_level_control.bin"
   text	   data	    bss	    dec	    hex	filename
  36440	    748	   2116	  39304	   9988	tank_level_control.elf
Finished building: default.size.stdout
 
Finished building: tank_level_control.bin
 
Finished building: tank_level_control.list
 
22:32:47 **** Incremental Build of configuration Debug for project tank_level_control ****
make -j12 all 
arm-none-eabi-gcc "../Core/Src/lcd16x2.c" -mcpu=cortex-m3 -std=gnu11 -g3 -DDEBUG -DUSE_HAL_DRIVER -DSTM32F103xB -c -I../Core/Inc -I../Drivers/STM32F1xx_HAL_Driver/Inc -I../Drivers/STM32F1xx_HAL_Driver/Inc/Legacy -I../Drivers/CMSIS/Device/ST/STM32F1xx/Include -I../Drivers/CMSIS/Include -O0 -ffunction-sections -fdata-sections -Wall -fstack-usage -MMD -MP -MF"Core/Src/lcd16x2.d" -MT"Core/Src/lcd16x2.o" --specs=nano.specs -mfloat-abi=soft -mthumb -o "Core/Src/lcd16x2.o"
arm-none-eabi-g++ "../Core/Src/main.cpp" -mcpu=cortex-m3 -std=gnu++14 -g3 -DDEBUG -DUSE_HAL_DRIVER -DSTM32F103xB -c -I../Core/Inc -I../Drivers/STM32F1xx_HAL_Driver/Inc -I../Drivers/STM32F1xx_HAL_Driver/Inc/Legacy -I../Drivers/CMSIS/Device/ST/STM32F1xx/Include -I../Drivers/CMSIS/Include -O0 -ffunction-sections -fdata-sections -fno-exceptions -fno-rtti -fno-use-cxa-atexit -Wall -fstack-usage -MMD -MP -MF"Core/Src/main.d" -MT"Core/Src/main.o" --specs=nano.specs -mfloat-abi=soft -mthumb -o "Core/Src/main.o"
arm-none-eabi-gcc "../Core/Src/stm32f1xx_hal_msp.c" -mcpu=cortex-m3 -std=gnu11 -g3 -DDEBUG -DUSE_HAL_DRIVER -DSTM32F103xB -c -I../Core/Inc -I../Drivers/STM32F1xx_HAL_Driver/Inc -I../Drivers/STM32F1xx_HAL_Driver/Inc/Legacy -I../Drivers/CMSIS/Device/ST/STM32F1xx/Include -I../Drivers/CMSIS/Include -O0 -ffunction-sections -fdata-sections -Wall -fstack-usage -MMD -MP -MF"Core/Src/stm32f1xx_hal_msp.d" -MT"Core/Src/stm32f1xx_hal_msp.o" --specs=nano.specs -mfloat-abi=soft -mthumb -o "Core/Src/stm32f1xx_hal_msp.o"
arm-none-eabi-gcc "../Core/Src/stm32f1xx_it.c" -mcpu=cortex-m3 -std=gnu11 -g3 -DDEBUG -DUSE_HAL_DRIVER -DSTM32F103xB -c -I../Core/Inc -I../Drivers/STM32F1xx_HAL_Driver/Inc -I../Drivers/STM32F1xx_HAL_Driver/Inc/Legacy -I../Drivers/CMSIS/Device/ST/STM32F1xx/Include -I../Drivers/CMSIS/Include -O0 -ffunction-sections -fdata-sections -Wall -fstack-usage -MMD -MP -MF"Core/Src/stm32f1xx_it.d" -MT"Core/Src/stm32f1xx_it.o" --specs=nano.specs -mfloat-abi=soft -mthumb -o "Core/Src/stm32f1xx_it.o"
../Core/Src/main.cpp: In function 'void sendData(HeightSensor)':
../Core/Src/main.cpp:641:20: warning: format '%d' expects argument of type 'int', but argument 3 has type 'uint32_t' {aka 'long unsigned int'} [-Wformat=]
  641 |  sprintf(buffer, "%d,%.2f,%.2f,%.2f,%.2f,%.2f\n",
      |                   ~^
      |                    |
      |                    int
      |                   %ld
  642 |      HAL_GetTick() - startMillis, usensor.getDistRaw(),
      |      ~~~~~~~~~~~~~~~~~~~~~~~~~~~
      |                    |
      |                    uint32_t {aka long unsigned int}
In file included from ../Core/Src/height_sensor/HeightSensor.h:12,
                 from ../Core/Src/main.cpp:26:
../Core/Inc/fir_coeffs.h: At global scope:
../Core/Inc/fir_coeffs.h:3:14: warning: 'FIR_COEFFS' defined but not used [-Wunused-variable]
    3 | static float FIR_COEFFS[FILTER_NUM_COEFFS] = {
      |              ^~~~~~~~~~
arm-none-eabi-g++ -o "tank_level_control.elf" @"objects.list"   -mcpu=cortex-m3 -T"/home/senai/conical_tank_level_controller/tank_level_control/STM32F103C8TX_FLASH.ld" --specs=nosys.specs -Wl,-Map="tank_level_control.map" -Wl,--gc-sections -static -u _printf_float --specs=nano.specs -mfloat-abi=soft -mthumb -Wl,--start-group -lc -lm -lstdc++ -lsupc++ -Wl,--end-group
Finished building target: tank_level_control.elf
 
arm-none-eabi-size   tank_level_control.elf 
arm-none-eabi-objdump -h -S  tank_level_control.elf  > "tank_level_control.list"
arm-none-eabi-objcopy  -O binary  tank_level_control.elf  "tank_level_control.bin"
   text	   data	    bss	    dec	    hex	filename
  36456	    748	   2116	  39320	   9998	tank_level_control.elf
Finished building: default.size.stdout
 
Finished building: tank_level_control.bin
 
Finished building: tank_level_control.list
 
22:47:31 **** Incremental Build of configuration Debug for project tank_level_control ****
make -j12 all 
arm-none-eabi-g++ "../Core/Src/main.cpp" -mcpu=cortex-m3 -std=gnu++14 -g3 -DDEBUG -DUSE_HAL_DRIVER -DSTM32F103xB -c -I../Core/Inc -I../Drivers/STM32F1xx_HAL_Driver/Inc -I../Drivers/STM32F1xx_HAL_Driver/Inc/Legacy -I../Drivers/CMSIS/Device/ST/STM32F1xx/Include -I../Drivers/CMSIS/Include -O0 -ffunction-sections -fdata-sections -fno-exceptions -fno-rtti -fno-use-cxa-atexit -Wall -fstack-usage -MMD -MP -MF"Core/Src/main.d" -MT"Core/Src/main.o" --specs=nano.specs -mfloat-abi=soft -mthumb -o "Core/Src/main.o"
../Core/Src/main.cpp: In function 'void sendData(HeightSensor)':
../Core/Src/main.cpp:643:20: warning: format '%d' expects argument of type 'int', but argument 3 has type 'uint32_t' {aka 'long unsigned int'} [-Wformat=]
  643 |  sprintf(buffer, "%d,%.2f,%.2f,%.2f,%.2f,%.2f\n",
      |                   ~^
      |                    |
      |                    int
      |                   %ld
  644 |      HAL_GetTick() - startMillis, usensor.getDistRaw(),
      |      ~~~~~~~~~~~~~~~~~~~~~~~~~~~
      |                    |
      |                    uint32_t {aka long unsigned int}
In file included from ../Core/Src/height_sensor/HeightSensor.h:12,
                 from ../Core/Src/main.cpp:26:
../Core/Inc/fir_coeffs.h: At global scope:
../Core/Inc/fir_coeffs.h:3:14: warning: 'FIR_COEFFS' defined but not used [-Wunused-variable]
    3 | static float FIR_COEFFS[FILTER_NUM_COEFFS] = {
      |              ^~~~~~~~~~
arm-none-eabi-g++ -o "tank_level_control.elf" @"objects.list"   -mcpu=cortex-m3 -T"/home/senai/conical_tank_level_controller/tank_level_control/STM32F103C8TX_FLASH.ld" --specs=nosys.specs -Wl,-Map="tank_level_control.map" -Wl,--gc-sections -static -u _printf_float --specs=nano.specs -mfloat-abi=soft -mthumb -Wl,--start-group -lc -lm -lstdc++ -lsupc++ -Wl,--end-group
Finished building target: tank_level_control.elf
 
arm-none-eabi-size   tank_level_control.elf 
arm-none-eabi-objdump -h -S  tank_level_control.elf  > "tank_level_control.list"
arm-none-eabi-objcopy  -O binary  tank_level_control.elf  "tank_level_control.bin"
   text	   data	    bss	    dec	    hex	filename
  36528	    748	   2116	  39392	   99e0	tank_level_control.elf
Finished building: default.size.stdout
 
Finished building: tank_level_control.bin
 
Finished building: tank_level_control.list
 
23:24:51 **** Incremental Build of configuration Debug for project tank_level_control ****
make -j12 all 
arm-none-eabi-g++ "../Core/Src/main.cpp" -mcpu=cortex-m3 -std=gnu++14 -g3 -DDEBUG -DUSE_HAL_DRIVER -DSTM32F103xB -c -I../Core/Inc -I../Drivers/STM32F1xx_HAL_Driver/Inc -I../Drivers/STM32F1xx_HAL_Driver/Inc/Legacy -I../Drivers/CMSIS/Device/ST/STM32F1xx/Include -I../Drivers/CMSIS/Include -O0 -ffunction-sections -fdata-sections -fno-exceptions -fno-rtti -fno-use-cxa-atexit -Wall -fstack-usage -MMD -MP -MF"Core/Src/main.d" -MT"Core/Src/main.o" --specs=nano.specs -mfloat-abi=soft -mthumb -o "Core/Src/main.o"
../Core/Src/main.cpp: In function 'void sendData(HeightSensor)':
../Core/Src/main.cpp:643:22: warning: format '%f' expects argument of type 'double', but argument 3 has type 'long unsigned int' [-Wformat=]
  643 |  sprintf(buffer, "%.2f,%.2f,%.2f,%.2f,%.2f,%.2f\n",
      |                   ~~~^
      |                      |
      |                      double
      |                   %.2ld
  644 |      (HAL_GetTick() - startMillis)/1000, usensor.getDistRaw(),
      |      ~~~~~~~~~~~~~~~~~~~~~~~~~~~~~~~~~~
      |                                   |
      |                                   long unsigned int
In file included from ../Core/Src/height_sensor/HeightSensor.h:12,
                 from ../Core/Src/main.cpp:26:
../Core/Inc/fir_coeffs.h: At global scope:
../Core/Inc/fir_coeffs.h:3:14: warning: 'FIR_COEFFS' defined but not used [-Wunused-variable]
    3 | static float FIR_COEFFS[FILTER_NUM_COEFFS] = {
      |              ^~~~~~~~~~
arm-none-eabi-g++ -o "tank_level_control.elf" @"objects.list"   -mcpu=cortex-m3 -T"/home/senai/conical_tank_level_controller/tank_level_control/STM32F103C8TX_FLASH.ld" --specs=nosys.specs -Wl,-Map="tank_level_control.map" -Wl,--gc-sections -static -u _printf_float --specs=nano.specs -mfloat-abi=soft -mthumb -Wl,--start-group -lc -lm -lstdc++ -lsupc++ -Wl,--end-group
Finished building target: tank_level_control.elf
 
arm-none-eabi-size   tank_level_control.elf 
arm-none-eabi-objdump -h -S  tank_level_control.elf  > "tank_level_control.list"
arm-none-eabi-objcopy  -O binary  tank_level_control.elf  "tank_level_control.bin"
   text	   data	    bss	    dec	    hex	filename
  36544	    748	   2116	  39408	   99f0	tank_level_control.elf
Finished building: default.size.stdout
 
Finished building: tank_level_control.bin
 
Finished building: tank_level_control.list
 
23:25:08 **** Incremental Build of configuration Debug for project tank_level_control ****
make -j12 all 
arm-none-eabi-size   tank_level_control.elf 
   text	   data	    bss	    dec	    hex	filename
  36544	    748	   2116	  39408	   99f0	tank_level_control.elf
Finished building: default.size.stdout
 
23:25:20 **** Incremental Build of configuration Debug for project tank_level_control ****
make -j12 all 
arm-none-eabi-g++ "../Core/Src/main.cpp" -mcpu=cortex-m3 -std=gnu++14 -g3 -DDEBUG -DUSE_HAL_DRIVER -DSTM32F103xB -c -I../Core/Inc -I../Drivers/STM32F1xx_HAL_Driver/Inc -I../Drivers/STM32F1xx_HAL_Driver/Inc/Legacy -I../Drivers/CMSIS/Device/ST/STM32F1xx/Include -I../Drivers/CMSIS/Include -O0 -ffunction-sections -fdata-sections -fno-exceptions -fno-rtti -fno-use-cxa-atexit -Wall -fstack-usage -MMD -MP -MF"Core/Src/main.d" -MT"Core/Src/main.o" --specs=nano.specs -mfloat-abi=soft -mthumb -o "Core/Src/main.o"
In file included from ../Core/Src/height_sensor/HeightSensor.h:12,
                 from ../Core/Src/main.cpp:26:
../Core/Inc/fir_coeffs.h:3:14: warning: 'FIR_COEFFS' defined but not used [-Wunused-variable]
    3 | static float FIR_COEFFS[FILTER_NUM_COEFFS] = {
      |              ^~~~~~~~~~
arm-none-eabi-g++ -o "tank_level_control.elf" @"objects.list"   -mcpu=cortex-m3 -T"/home/senai/conical_tank_level_controller/tank_level_control/STM32F103C8TX_FLASH.ld" --specs=nosys.specs -Wl,-Map="tank_level_control.map" -Wl,--gc-sections -static -u _printf_float --specs=nano.specs -mfloat-abi=soft -mthumb -Wl,--start-group -lc -lm -lstdc++ -lsupc++ -Wl,--end-group
Finished building target: tank_level_control.elf
 
arm-none-eabi-size   tank_level_control.elf 
arm-none-eabi-objdump -h -S  tank_level_control.elf  > "tank_level_control.list"
arm-none-eabi-objcopy  -O binary  tank_level_control.elf  "tank_level_control.bin"
   text	   data	    bss	    dec	    hex	filename
  36560	    748	   2116	  39424	   9a00	tank_level_control.elf
Finished building: default.size.stdout
 
Finished building: tank_level_control.bin
 
Finished building: tank_level_control.list
 
01:15:08 **** Incremental Build of configuration Debug for project tank_level_control ****
make -j12 all 
arm-none-eabi-g++ "../Core/Src/height_sensor/HeightSensor.cpp" -mcpu=cortex-m3 -std=gnu++14 -g3 -DDEBUG -DUSE_HAL_DRIVER -DSTM32F103xB -c -I../Core/Inc -I../Drivers/STM32F1xx_HAL_Driver/Inc -I../Drivers/STM32F1xx_HAL_Driver/Inc/Legacy -I../Drivers/CMSIS/Device/ST/STM32F1xx/Include -I../Drivers/CMSIS/Include -O0 -ffunction-sections -fdata-sections -fno-exceptions -fno-rtti -fno-use-cxa-atexit -Wall -fstack-usage -MMD -MP -MF"Core/Src/height_sensor/HeightSensor.d" -MT"Core/Src/height_sensor/HeightSensor.o" --specs=nano.specs -mfloat-abi=soft -mthumb -o "Core/Src/height_sensor/HeightSensor.o"
arm-none-eabi-g++ "../Core/Src/main.cpp" -mcpu=cortex-m3 -std=gnu++14 -g3 -DDEBUG -DUSE_HAL_DRIVER -DSTM32F103xB -c -I../Core/Inc -I../Drivers/STM32F1xx_HAL_Driver/Inc -I../Drivers/STM32F1xx_HAL_Driver/Inc/Legacy -I../Drivers/CMSIS/Device/ST/STM32F1xx/Include -I../Drivers/CMSIS/Include -O0 -ffunction-sections -fdata-sections -fno-exceptions -fno-rtti -fno-use-cxa-atexit -Wall -fstack-usage -MMD -MP -MF"Core/Src/main.d" -MT"Core/Src/main.o" --specs=nano.specs -mfloat-abi=soft -mthumb -o "Core/Src/main.o"
In file included from ../Core/Src/height_sensor/HeightSensor.h:12,
                 from ../Core/Src/main.cpp:26:
../Core/Inc/fir_coeffs.h:3:14: warning: 'FIR_COEFFS' defined but not used [-Wunused-variable]
    3 | static float FIR_COEFFS[FILTER_NUM_COEFFS] = {
      |              ^~~~~~~~~~
arm-none-eabi-g++ -o "tank_level_control.elf" @"objects.list"   -mcpu=cortex-m3 -T"/home/senai/conical_tank_level_controller/tank_level_control/STM32F103C8TX_FLASH.ld" --specs=nosys.specs -Wl,-Map="tank_level_control.map" -Wl,--gc-sections -static -u _printf_float --specs=nano.specs -mfloat-abi=soft -mthumb -Wl,--start-group -lc -lm -lstdc++ -lsupc++ -Wl,--end-group
Finished building target: tank_level_control.elf
 
arm-none-eabi-size   tank_level_control.elf 
arm-none-eabi-objdump -h -S  tank_level_control.elf  > "tank_level_control.list"
arm-none-eabi-objcopy  -O binary  tank_level_control.elf  "tank_level_control.bin"
   text	   data	    bss	    dec	    hex	filename
  36560	    692	   2116	  39368	   99c8	tank_level_control.elf
Finished building: default.size.stdout
 
Finished building: tank_level_control.bin
 
Finished building: tank_level_control.list
 
01:15:28 **** Incremental Build of configuration Debug for project tank_level_control ****
make -j12 all 
arm-none-eabi-size   tank_level_control.elf 
   text	   data	    bss	    dec	    hex	filename
  36560	    692	   2116	  39368	   99c8	tank_level_control.elf
Finished building: default.size.stdout
 
01:33:33 **** Incremental Build of configuration Debug for project tank_level_control ****
make -j12 all 
arm-none-eabi-g++ "../Core/Src/main.cpp" -mcpu=cortex-m3 -std=gnu++14 -g3 -DDEBUG -DUSE_HAL_DRIVER -DSTM32F103xB -c -I../Core/Inc -I../Drivers/STM32F1xx_HAL_Driver/Inc -I../Drivers/STM32F1xx_HAL_Driver/Inc/Legacy -I../Drivers/CMSIS/Device/ST/STM32F1xx/Include -I../Drivers/CMSIS/Include -O0 -ffunction-sections -fdata-sections -fno-exceptions -fno-rtti -fno-use-cxa-atexit -Wall -fstack-usage -MMD -MP -MF"Core/Src/main.d" -MT"Core/Src/main.o" --specs=nano.specs -mfloat-abi=soft -mthumb -o "Core/Src/main.o"
In file included from ../Core/Src/height_sensor/HeightSensor.h:12,
                 from ../Core/Src/main.cpp:26:
../Core/Inc/fir_coeffs.h:3:14: warning: 'FIR_COEFFS' defined but not used [-Wunused-variable]
    3 | static float FIR_COEFFS[FILTER_NUM_COEFFS] = {
      |              ^~~~~~~~~~
arm-none-eabi-g++ -o "tank_level_control.elf" @"objects.list"   -mcpu=cortex-m3 -T"/home/senai/conical_tank_level_controller/tank_level_control/STM32F103C8TX_FLASH.ld" --specs=nosys.specs -Wl,-Map="tank_level_control.map" -Wl,--gc-sections -static -u _printf_float --specs=nano.specs -mfloat-abi=soft -mthumb -Wl,--start-group -lc -lm -lstdc++ -lsupc++ -Wl,--end-group
Finished building target: tank_level_control.elf
 
arm-none-eabi-size   tank_level_control.elf 
arm-none-eabi-objdump -h -S  tank_level_control.elf  > "tank_level_control.list"
arm-none-eabi-objcopy  -O binary  tank_level_control.elf  "tank_level_control.bin"
   text	   data	    bss	    dec	    hex	filename
  36632	    692	   2116	  39440	   9a10	tank_level_control.elf
Finished building: default.size.stdout
 
Finished building: tank_level_control.bin
 
Finished building: tank_level_control.list
 
