02:01:25 **** Incremental Build of configuration Debug for project tank_level_control ****
make -j12 all 
arm-none-eabi-size   tank_level_control.elf 
   text	   data	    bss	    dec	    hex	filename
   4688	     20	   1572	   6280	   1888	tank_level_control.elf
Finished building: default.size.stdout
 
02:01:36 **** Incremental Build of configuration Debug for project tank_level_control ****
make -j12 all 
arm-none-eabi-size   tank_level_control.elf 
   text	   data	    bss	    dec	    hex	filename
   4688	     20	   1572	   6280	   1888	tank_level_control.elf
Finished building: default.size.stdout
 
02:02:44 **** Incremental Build of configuration Debug for project tank_level_control ****
make -j12 all 
arm-none-eabi-size   tank_level_control.elf 
   text	   data	    bss	    dec	    hex	filename
   4688	     20	   1572	   6280	   1888	tank_level_control.elf
Finished building: default.size.stdout
 
02:02:44 **** Incremental Build of configuration Debug for project tank_level_control ****
make -j12 all 
arm-none-eabi-size   tank_level_control.elf 
   text	   data	    bss	    dec	    hex	filename
   4688	     20	   1572	   6280	   1888	tank_level_control.elf
Finished building: default.size.stdout
 
02:03:01 **** Incremental Build of configuration Debug for project tank_level_control ****
make -j12 all 
arm-none-eabi-size   tank_level_control.elf 
   text	   data	    bss	    dec	    hex	filename
   4688	     20	   1572	   6280	   1888	tank_level_control.elf
Finished building: default.size.stdout
 
02:03:40 **** Incremental Build of configuration Debug for project tank_level_control ****
make -j12 all 
arm-none-eabi-size   tank_level_control.elf 
   text	   data	    bss	    dec	    hex	filename
   4688	     20	   1572	   6280	   1888	tank_level_control.elf
Finished building: default.size.stdout
 
02:04:02 **** Incremental Build of configuration Debug for project tank_level_control ****
make -j12 all 
arm-none-eabi-size   tank_level_control.elf 
   text	   data	    bss	    dec	    hex	filename
   4688	     20	   1572	   6280	   1888	tank_level_control.elf
Finished building: default.size.stdout
 
02:06:25 **** Incremental Build of configuration Debug for project tank_level_control ****
make -j12 all 
arm-none-eabi-size   tank_level_control.elf 
   text	   data	    bss	    dec	    hex	filename
   4688	     20	   1572	   6280	   1888	tank_level_control.elf
Finished building: default.size.stdout
 
02:08:38 **** Incremental Build of configuration Debug for project tank_level_control ****
make -j12 all 
arm-none-eabi-size   tank_level_control.elf 
   text	   data	    bss	    dec	    hex	filename
   4688	     20	   1572	   6280	   1888	tank_level_control.elf
Finished building: default.size.stdout
 
